          10
   2.7442418195639529       0.70171248007645026        4.2586033759530935     
   3.7731811249188909        2.3485815692174383        1.9216075064673959     
   3.1789818398588370       -2.4480311857818982        2.5778513052298990     
   2.8848182697516940       -1.5204092687855284        1.6632987779718107     
   3.0220211893340423        2.0879932181553236        6.0929444187258213     
   3.3030889732566484        2.5082405835015087        4.6896996999665461     
   2.7307417251499730       0.58059901927590607        2.9688050596070852     
   5.3085500064150741       0.22826012037768939        4.6809730545904245     
   3.0852932146093019       -2.2854324553774972        3.7297686118697584     
   3.2634573586946036       -2.5004222704281958        6.1522856142817091     
